../Src/ICU_program.c:22:16:ICU_u8Init	16	static
../Src/ICU_program.c:80:16:ICU_u8StartTim	16	static
../Src/ICU_program.c:122:16:ICU_u8StartCh	16	static
../Src/ICU_program.c:238:16:ICU_u8StopCh	16	static
../Src/ICU_program.c:345:16:ICU_u8StopTim	16	static
../Src/ICU_program.c:386:16:ICU_u8GetCh	16	static
../Src/ICU_program.c:491:16:ICU_u8SetCallback	16	static
../Src/ICU_program.c:501:6:TIM5_IRQHandler	8	static
../Src/ICU_program.c:578:6:TIM2_IRQHandler	4	static
../Src/ICU_program.c:588:6:TIM1_UP_TIM10_IRQHandler	4	static
